RunScript("c:/program files/dymola 2025x/insert/dymola.mos", true);
 = true
Successfully loaded settings file C:/Users/deva713/AppData/Roaming/DassaultSystemes/Dymola/2025x/setup.dymx
RunScript("$DYMOLA/insert/displayunit.mos", true);
 = true
RunScript("c:\\git_repos\\prompt2control\\logs\\model_check.mos");
Advanced.TranslationInCommandLog:=true;
openModel("C:/Program Files/Dymola 2025x/Modelica/Library/Modelica 4.1.0/package.mo");
 = true
openModel("C:/buildings_library/modelica-buildings/Buildings/package.mo");
 = true
ok := checkModel("Buildings.Templates.Plants.HeatPumps.Validation.AirToWaterShc");
Pedantic check of Buildings.Templates.Plants.HeatPumps.Validation.AirToWaterShc
Error: Internal failure to expand
  NotImplemented
Error: Internal failure to expand
  NotImplemented
Error: Internal failure to expand
  NotImplemented
Error: Internal failure to expand
  NotImplemented
The following parameters have enable=false and don't have any value, only a start value:
    datAll.pla.hp.dpSouWwHeaHp_nominal(start = 40000.0)
    datAll.pla.hp.mSouWwCooHp_flow_nominal(start = 23.90057361376673)
    datAll.pla.hp.mSouWwHeaHp_flow_nominal(start = 14.937858508604206)
    datAll.tit24CliZon(start = Buildings.Controls.OBC.ASHRAE.G36.Types.Title24ClimateZone.      Zone_1)
    loaCoo.con.dp1_nominal(start = 0)
    loaHea.con.dp1_nominal(start = 0)
    pla.ctl.ctl.idxStaCoo.pas[1].u_internal(start = true)
    pla.ctl.ctl.idxStaCoo.pas[2].u_internal(start = true)
    pla.ctl.ctl.idxStaCoo.pas[3].u_internal(start = true)
    pla.ctl.ctl.idxStaHea.pas[1].u_internal(start = true)
    pla.ctl.ctl.idxStaHea.pas[2].u_internal(start = true)
    pla.ctl.ctl.idxStaHea.pas[3].u_internal(start = true)
    pla.ctl.ctl.staPumChiWatSec.enaHdr.staEquDouMod(start = 
    [0, 0, 0;
    0, 0, 0;
    0, 0, 0])
    pla.ctl.ctl.staPumChiWatSec.enaHdr.staEquSinMod(start = 
    [0, 0, 0;
    0, 0, 0;
    0, 0, 0])
    pla.ctl.ctl.staPumChiWatSec.have_valInlIso(start = false)
    pla.ctl.ctl.staPumChiWatSec.have_valOutIso(start = false)
    pla.ctl.ctl.staPumChiWatSec.nPumHdrDp.pas[1].u_internal(start = true)
    pla.ctl.ctl.staPumChiWatSec.nPumHdrDp.pas[2].u_internal(start = true)
    pla.ctl.ctl.staPumChiWatSec.nPumHdrDp.pas[3].u_internal(start = true)
    pla.ctl.ctl.staPumHeaWatSec.enaHdr.staEquDouMod(start = 
    [0, 0, 0;
    0, 0, 0;
    0, 0, 0])
    pla.ctl.ctl.staPumHeaWatSec.enaHdr.staEquSinMod(start = 
    [0, 0, 0;
    0, 0, 0;
    0, 0, 0])
    pla.ctl.ctl.staPumHeaWatSec.have_valInlIso(start = false)
    pla.ctl.ctl.staPumHeaWatSec.have_valOutIso(start = false)
    pla.ctl.ctl.staPumHeaWatSec.nPumHdrDp.pas[1].u_internal(start = true)
    pla.ctl.ctl.staPumHeaWatSec.nPumHdrDp.pas[2].u_internal(start = true)
    pla.ctl.ctl.staPumHeaWatSec.nPumHdrDp.pas[3].u_internal(start = true)
    pla.ctl.ctl.TChiWatRet.u_internal(start = 0)
    pla.ctl.ctl.THeaWatRet.u_internal(start = 0)
    pla.ctl.ctl.VChiWatLoa_flow.u_internal(start = 0)
    pla.ctl.ctl.VChiWatSta_flow.u_internal(start = 0)
    pla.ctl.ctl.VHeaWatLoa_flow.u_internal(start = 0)
    pla.ctl.ctl.VHeaWatSta_flow.u_internal(start = 0)
    pla.typDis_select2(start = Buildings.Templates.Plants.HeatPumps.Types.Distribution.      Constant1Variable2)
 
The model has the same number of unknowns and equations: 20163
Error: The model is not well-posed.
The model has
  20042+18*Modelica.Math.BooleanVectors.countTrue({Modelica.Math.BooleanVectors.anyTrue  ({pla.ctl.staEqu[1, 1] > 0 and pla.ctl.staEqu[1, 1] < 1, pla.ctl.staEqu[2, 1]   > 0 and pla.ctl.staEqu[2, 1] < 1, pla.ctl.staEqu[3, 1] > 0 and   pla.ctl.staEqu[3, 1] < 1}), Modelica.Math.BooleanVectors.anyTrue({  pla.ctl.staEqu[1, 2] > 0 and pla.ctl.staEqu[1, 2] < 1, pla.ctl.staEqu[2, 2] > 0   and pla.ctl.staEqu[2, 2] < 1, pla.ctl.staEqu[3, 2] > 0 and pla.ctl.staEqu[3, 2]   < 1}), Modelica.Math.BooleanVectors.anyTrue({pla.ctl.staEqu[1, 3] > 0 and   pla.ctl.staEqu[1, 3] < 1, pla.ctl.staEqu[2, 3] > 0 and pla.ctl.staEqu[2, 3] < 1,   pla.ctl.staEqu[3, 3] > 0 and pla.ctl.staEqu[3, 3] < 1})})+pla.ctl.ctl.staPumHeaWatPri.y1Ded_actual.nin  +pla.ctl.ctl.staPumHeaWatPri.y1Ded_actual.nout+pla.ctl.ctl.staPumChiWatPri.y1Ded_actual.nin  +pla.ctl.ctl.staPumChiWatPri.y1Ded_actual.nout+pla.ctl.ctl.ctlPumHeaWatSec.maxSet.nin  +pla.ctl.ctl.ctlPumChiWatSec.maxSet.nin+2*size(pla.dat.hrc.per.PLRSup, 1)+size  (ratLoa.table, 2)+max([
[2]; size(ratLoa.offset, 1)])
scalar unknowns and
  19841+(if pla.ctl.ctl.enaHea.mulAnd.nin > 1 then 5 else (if pla.ctl.ctl.enaHea.mulAnd.nin   == 1 then 2 else 1))+(if pla.ctl.ctl.enaHea.mulOr.nin > 1 then 4 else (if   pla.ctl.ctl.enaHea.mulOr.nin == 1 then 2 else 1))+(if pla.ctl.ctl.idxStaHea.upAndEna.nin   > 1 then 4 else (if pla.ctl.ctl.idxStaHea.upAndEna.nin == 1 then 2 else 1))+(  if pla.ctl.ctl.idxStaHea.dowAndEna.nin > 1 then 4 else (if pla.ctl.ctl.idxStaHea.dowAndEna.nin   == 1 then 2 else 1))+(if pla.ctl.ctl.avaStaHea.all[1].nin > 1 then 5 else (  if pla.ctl.ctl.avaStaHea.all[1].nin == 1 then 2 else 1))+(if pla.ctl.ctl.avaStaHea.all[2].nin   > 1 then 5 else (if pla.ctl.ctl.avaStaHea.all[2].nin == 1 then 2 else 1))+(  if pla.ctl.ctl.avaStaHea.all[3].nin > 1 then 5 else (if pla.ctl.ctl.avaStaHea.all[3].nin   == 1 then 2 else 1))+(if pla.ctl.ctl.enaEquHea.isReqAltAva[1].nin > 1 then 4   else (if pla.ctl.ctl.enaEquHea.isReqAltAva[1].nin == 1 then 2 else 1))+(if   pla.ctl.ctl.enaEquHea.isReqAltAva[2].nin > 1 then 4 else (if pla.ctl.ctl.enaEquHea.isReqAltAva[2].nin   == 1 then 2 else 1))+(if pla.ctl.ctl.enaEquHea.isReqAltAva[3].nin > 1 then 4   else (if pla.ctl.ctl.enaEquHea.isReqAltAva[3].nin == 1 then 2 else 1))+(if   pla.ctl.ctl.enaEquHea.isReqAltAva[4].nin > 1 then 4 else (if pla.ctl.ctl.enaEquHea.isReqAltAva[4].nin   == 1 then 2 else 1))+(if pla.ctl.ctl.enaEquHea.swiEna.nin > 1 then 4 else (  if pla.ctl.ctl.enaEquHea.swiEna.nin == 1 then 2 else 1))+(if pla.ctl.ctl.seqEve[1].heaValPum.nin   > 1 then 4 else (if pla.ctl.ctl.seqEve[1].heaValPum.nin == 1 then 2 else 1))+  (if pla.ctl.ctl.seqEve[1].cooValPum.nin > 1 then 5 else (if pla.ctl.ctl.seqEve[1].cooValPum.nin   == 1 then 2 else 1))+(if pla.ctl.ctl.seqEve[2].heaValPum.nin > 1 then 4 else   (if pla.ctl.ctl.seqEve[2].heaValPum.nin == 1 then 2 else 1))+(if   pla.ctl.ctl.seqEve[2].cooValPum.nin > 1 then 5 else (if pla.ctl.ctl.seqEve[2].cooValPum.nin   == 1 then 2 else 1))+(if pla.ctl.ctl.seqEve[3].heaValPum.nin > 1 then 4 else   (if pla.ctl.ctl.seqEve[3].heaValPum.nin == 1 then 2 else 1))+(if   pla.ctl.ctl.seqEve[3].cooValPum.nin > 1 then 5 else (if pla.ctl.ctl.seqEve[3].cooValPum.nin   == 1 then 2 else 1))+(if pla.ctl.ctl.seqEve[4].heaValPum.nin > 1 then 4 else   (if pla.ctl.ctl.seqEve[4].heaValPum.nin == 1 then 2 else 1))+(if   pla.ctl.ctl.seqEve[4].cooValPum.nin > 1 then 5 else (if pla.ctl.ctl.seqEve[4].cooValPum.nin   == 1 then 2 else 1))+(if pla.ctl.ctl.avaStaCoo.all[1].nin > 1 then 5 else (  if pla.ctl.ctl.avaStaCoo.all[1].nin == 1 then 2 else 1))+(if pla.ctl.ctl.avaStaCoo.all[2].nin   > 1 then 5 else (if pla.ctl.ctl.avaStaCoo.all[2].nin == 1 then 2 else 1))+(  if pla.ctl.ctl.avaStaCoo.all[3].nin > 1 then 5 else (if pla.ctl.ctl.avaStaCoo.all[3].nin   == 1 then 2 else 1))+Modelica.Math.BooleanVectors.countTrue({Modelica.Math.BooleanVectors.anyTrue  ({pla.ctl.staEqu[1, 1] > 0 and pla.ctl.staEqu[1, 1] < 1, pla.ctl.staEqu[2, 1]   > 0 and pla.ctl.staEqu[2, 1] < 1, pla.ctl.staEqu[3, 1] > 0 and   pla.ctl.staEqu[3, 1] < 1}), Modelica.Math.BooleanVectors.anyTrue({  pla.ctl.staEqu[1, 2] > 0 and pla.ctl.staEqu[1, 2] < 1, pla.ctl.staEqu[2, 2] > 0   and pla.ctl.staEqu[2, 2] < 1, pla.ctl.staEqu[3, 2] > 0 and pla.ctl.staEqu[3, 2]   < 1}), Modelica.Math.BooleanVectors.anyTrue({pla.ctl.staEqu[1, 3] > 0 and   pla.ctl.staEqu[1, 3] < 1, pla.ctl.staEqu[2, 3] > 0 and pla.ctl.staEqu[2, 3] < 1,   pla.ctl.staEqu[3, 3] > 0 and pla.ctl.staEqu[3, 3] < 1})})+Modelica.Math.BooleanVectors.countTrue  ({Modelica.Math.BooleanVectors.anyTrue({pla.ctl.staEqu[1, 1] > 0 and   pla.ctl.staEqu[1, 1] < 1, pla.ctl.staEqu[2, 1] > 0 and pla.ctl.staEqu[2, 1] < 1,   pla.ctl.staEqu[3, 1] > 0 and pla.ctl.staEqu[3, 1] < 1}), Modelica.Math.BooleanVectors.anyTrue  ({pla.ctl.staEqu[1, 2] > 0 and pla.ctl.staEqu[1, 2] < 1, pla.ctl.staEqu[2, 2]   > 0 and pla.ctl.staEqu[2, 2] < 1, pla.ctl.staEqu[3, 2] > 0 and   pla.ctl.staEqu[3, 2] < 1}), Modelica.Math.BooleanVectors.anyTrue({  pla.ctl.staEqu[1, 3] > 0 and pla.ctl.staEqu[1, 3] < 1, pla.ctl.staEqu[2, 3] > 0   and pla.ctl.staEqu[2, 3] < 1, pla.ctl.staEqu[3, 3] > 0 and pla.ctl.staEqu[3, 3]   < 1})})+(if pla.ctl.ctl.enaCoo.mulAnd.nin > 1 then 5 else (if   pla.ctl.ctl.enaCoo.mulAnd.nin == 1 then 2 else 1))+(if pla.ctl.ctl.enaCoo.mulOr.nin   > 1 then 4 else (if pla.ctl.ctl.enaCoo.mulOr.nin == 1 then 2 else 1))+(if   pla.ctl.ctl.idxStaCoo.upAndEna.nin > 1 then 4 else (if pla.ctl.ctl.idxStaCoo.upAndEna.nin   == 1 then 2 else 1))+(if pla.ctl.ctl.idxStaCoo.dowAndEna.nin > 1 then 4 else   (if pla.ctl.ctl.idxStaCoo.dowAndEna.nin == 1 then 2 else 1))+(if   pla.ctl.ctl.enaEquCoo.isReqAltAva[1].nin > 1 then 4 else (if pla.ctl.ctl.enaEquCoo.isReqAltAva[1].nin   == 1 then 2 else 1))+(if pla.ctl.ctl.enaEquCoo.isReqAltAva[2].nin > 1 then 4   else (if pla.ctl.ctl.enaEquCoo.isReqAltAva[2].nin == 1 then 2 else 1))+(if   pla.ctl.ctl.enaEquCoo.isReqAltAva[3].nin > 1 then 4 else (if pla.ctl.ctl.enaEquCoo.isReqAltAva[3].nin   == 1 then 2 else 1))+(if pla.ctl.ctl.enaEquCoo.isReqAltAva[4].nin > 1 then 4   else (if pla.ctl.ctl.enaEquCoo.isReqAltAva[4].nin == 1 then 2 else 1))+(if   pla.ctl.ctl.enaEquCoo.swiEna.nin > 1 then 4 else (if pla.ctl.ctl.enaEquCoo.swiEna.nin   == 1 then 2 else 1))+Modelica.Math.BooleanVectors.countTrue({Modelica.Math.BooleanVectors.anyTrue  ({pla.ctl.staEqu[1, 1] > 0 and pla.ctl.staEqu[1, 1] < 1, pla.ctl.staEqu[2, 1]   > 0 and pla.ctl.staEqu[2, 1] < 1, pla.ctl.staEqu[3, 1] > 0 and   pla.ctl.staEqu[3, 1] < 1}), Modelica.Math.BooleanVectors.anyTrue({  pla.ctl.staEqu[1, 2] > 0 and pla.ctl.staEqu[1, 2] < 1, pla.ctl.staEqu[2, 2] > 0   and pla.ctl.staEqu[2, 2] < 1, pla.ctl.staEqu[3, 2] > 0 and pla.ctl.staEqu[3, 2]   < 1}), Modelica.Math.BooleanVectors.anyTrue({pla.ctl.staEqu[1, 3] > 0 and   pla.ctl.staEqu[1, 3] < 1, pla.ctl.staEqu[2, 3] > 0 and pla.ctl.staEqu[2, 3] < 1,   pla.ctl.staEqu[3, 3] > 0 and pla.ctl.staEqu[3, 3] < 1})})+Modelica.Math.BooleanVectors.countTrue  ({Modelica.Math.BooleanVectors.anyTrue({pla.ctl.staEqu[1, 1] > 0 and   pla.ctl.staEqu[1, 1] < 1, pla.ctl.staEqu[2, 1] > 0 and pla.ctl.staEqu[2, 1] < 1,   pla.ctl.staEqu[3, 1] > 0 and pla.ctl.staEqu[3, 1] < 1}), Modelica.Math.BooleanVectors.anyTrue  ({pla.ctl.staEqu[1, 2] > 0 and pla.ctl.staEqu[1, 2] < 1, pla.ctl.staEqu[2, 2]   > 0 and pla.ctl.staEqu[2, 2] < 1, pla.ctl.staEqu[3, 2] > 0 and   pla.ctl.staEqu[3, 2] < 1}), Modelica.Math.BooleanVectors.anyTrue({  pla.ctl.staEqu[1, 3] > 0 and pla.ctl.staEqu[1, 3] < 1, pla.ctl.staEqu[2, 3] > 0   and pla.ctl.staEqu[2, 3] < 1, pla.ctl.staEqu[3, 3] > 0 and pla.ctl.staEqu[3, 3]   < 1})})+pla.ctl.ctl.staPumHeaWatPri.y1Ded_actual.nout+pla.ctl.ctl.staPumChiWatPri.y1Ded_actual.nout  +(if pla.ctl.ctl.staPumChiWatSec.nPumHdrDp.upAndEna.nin > 1 then 4 else (if   pla.ctl.ctl.staPumChiWatSec.nPumHdrDp.upAndEna.nin == 1 then 2 else 1))+(if   pla.ctl.ctl.staPumChiWatSec.nPumHdrDp.dowAndEna.nin > 1 then 4 else (if   pla.ctl.ctl.staPumChiWatSec.nPumHdrDp.dowAndEna.nin == 1 then 2 else 1))+(if   pla.ctl.ctl.staPumChiWatSec.staHdrDp.anyCha.nin > 1 then 4 else (if   pla.ctl.ctl.staPumChiWatSec.staHdrDp.anyCha.nin == 1 then 2 else 1))+(if   pla.ctl.ctl.staPumChiWatSec.staHdrDp.staDowAndPreFaiSaf.nin > 1 then 4 else (  if pla.ctl.ctl.staPumChiWatSec.staHdrDp.staDowAndPreFaiSaf.nin == 1 then 2   else 1))+(if pla.ctl.ctl.staPumChiWatSec.staHdrDp.allLowDp.nin > 1 then 2   else (if pla.ctl.ctl.staPumChiWatSec.staHdrDp.allLowDp.nin == 1 then 2 else 1))  +(if pla.ctl.ctl.staPumChiWatSec.staHdrDp.allHigDp.nin > 1 then 2 else (if   pla.ctl.ctl.staPumChiWatSec.staHdrDp.allHigDp.nin == 1 then 2 else 1))+(if   pla.ctl.ctl.staPumChiWatSec.enaHdr.isReqAltAva[1].nin > 1 then 4 else (if   pla.ctl.ctl.staPumChiWatSec.enaHdr.isReqAltAva[1].nin == 1 then 2 else 1))+(  if pla.ctl.ctl.staPumChiWatSec.enaHdr.isReqAltAva[2].nin > 1 then 4 else (if   pla.ctl.ctl.staPumChiWatSec.enaHdr.isReqAltAva[2].nin == 1 then 2 else 1))+(  if pla.ctl.ctl.staPumChiWatSec.enaHdr.isReqAltAva[3].nin > 1 then 4 else (if   pla.ctl.ctl.staPumChiWatSec.enaHdr.isReqAltAva[3].nin == 1 then 2 else 1))+(  if pla.ctl.ctl.staPumChiWatSec.enaHdr.swiEna.nin > 1 then 3 else (if   pla.ctl.ctl.staPumChiWatSec.enaHdr.swiEna.nin == 1 then 2 else 1))+(if   pla.ctl.ctl.staPumHeaWatSec.nPumHdrDp.upAndEna.nin > 1 then 4 else (if   pla.ctl.ctl.staPumHeaWatSec.nPumHdrDp.upAndEna.nin == 1 then 2 else 1))+(if   pla.ctl.ctl.staPumHeaWatSec.nPumHdrDp.dowAndEna.nin > 1 then 4 else (if   pla.ctl.ctl.staPumHeaWatSec.nPumHdrDp.dowAndEna.nin == 1 then 2 else 1))+(if   pla.ctl.ctl.staPumHeaWatSec.staHdrDp.anyCha.nin > 1 then 4 else (if   pla.ctl.ctl.staPumHeaWatSec.staHdrDp.anyCha.nin == 1 then 2 else 1))+(if   pla.ctl.ctl.staPumHeaWatSec.staHdrDp.staDowAndPreFaiSaf.nin > 1 then 4 else (  if pla.ctl.ctl.staPumHeaWatSec.staHdrDp.staDowAndPreFaiSaf.nin == 1 then 2   else 1))+(if pla.ctl.ctl.staPumHeaWatSec.staHdrDp.allLowDp.nin > 1 then 2   else (if pla.ctl.ctl.staPumHeaWatSec.staHdrDp.allLowDp.nin == 1 then 2 else 1))  +(if pla.ctl.ctl.staPumHeaWatSec.staHdrDp.allHigDp.nin > 1 then 2 else (if   pla.ctl.ctl.staPumHeaWatSec.staHdrDp.allHigDp.nin == 1 then 2 else 1))+(if   pla.ctl.ctl.staPumHeaWatSec.enaHdr.isReqAltAva[1].nin > 1 then 4 else (if   pla.ctl.ctl.staPumHeaWatSec.enaHdr.isReqAltAva[1].nin == 1 then 2 else 1))+(  if pla.ctl.ctl.staPumHeaWatSec.enaHdr.isReqAltAva[2].nin > 1 then 4 else (if   pla.ctl.ctl.staPumHeaWatSec.enaHdr.isReqAltAva[2].nin == 1 then 2 else 1))+(  if pla.ctl.ctl.staPumHeaWatSec.enaHdr.isReqAltAva[3].nin > 1 then 4 else (if   pla.ctl.ctl.staPumHeaWatSec.enaHdr.isReqAltAva[3].nin == 1 then 2 else 1))+(  if pla.ctl.ctl.staPumHeaWatSec.enaHdr.swiEna.nin > 1 then 3 else (if   pla.ctl.ctl.staPumHeaWatSec.enaHdr.swiEna.nin == 1 then 2 else 1))+(if   pla.ctl.ctl.comStaCoo.allTru.nin > 1 then 5 else (if pla.ctl.ctl.comStaCoo.allTru.nin   == 1 then 2 else 1))+(if pla.ctl.ctl.comStaCoo.anyCha.nin > 1 then 5 else (  if pla.ctl.ctl.comStaCoo.anyCha.nin == 1 then 2 else 1))+(if pla.ctl.ctl.comStaHea.allTru.nin   > 1 then 5 else (if pla.ctl.ctl.comStaHea.allTru.nin == 1 then 2 else 1))+(  if pla.ctl.ctl.comStaHea.anyCha.nin > 1 then 5 else (if pla.ctl.ctl.comStaHea.anyCha.nin   == 1 then 2 else 1))+(if pla.ctl.ctl.ctlPumHeaWatSec.anyOn.nin > 1 then 4   else (if pla.ctl.ctl.ctlPumHeaWatSec.anyOn.nin == 1 then 2 else 1))+(if   pla.ctl.ctl.ctlPumChiWatSec.anyOn.nin > 1 then 4 else (if pla.ctl.ctl.ctlPumChiWatSec.anyOn.nin   == 1 then 2 else 1))+(if pla.ctl.ctl.hrc.ena.allEna.nin > 1 then 6 else (if   pla.ctl.ctl.hrc.ena.allEna.nin == 1 then 2 else 1))+(if pla.ctl.ctl.hrc.ena.anyDis.nin   > 1 then 6 else (if pla.ctl.ctl.hrc.ena.anyDis.nin == 1 then 2 else 1))+2*  size(pla.dat.hrc.per.PLRSup, 1)+max([
[2]; size(ratLoa.offset, 1)])+pla.ctl.ctl.ctlPumChiWatSec.maxSet.nin+  pla.ctl.ctl.ctlPumHeaWatSec.maxSet.nin+Modelica.Math.BooleanVectors.countTrue(  {Modelica.Math.BooleanVectors.anyTrue({pla.ctl.staEqu[1, 1] > 0 and   pla.ctl.staEqu[1, 1] < 1, pla.ctl.staEqu[2, 1] > 0 and pla.ctl.staEqu[2, 1] < 1,   pla.ctl.staEqu[3, 1] > 0 and pla.ctl.staEqu[3, 1] < 1}), Modelica.Math.BooleanVectors.anyTrue  ({pla.ctl.staEqu[1, 2] > 0 and pla.ctl.staEqu[1, 2] < 1, pla.ctl.staEqu[2, 2]   > 0 and pla.ctl.staEqu[2, 2] < 1, pla.ctl.staEqu[3, 2] > 0 and   pla.ctl.staEqu[3, 2] < 1}), Modelica.Math.BooleanVectors.anyTrue({  pla.ctl.staEqu[1, 3] > 0 and pla.ctl.staEqu[1, 3] < 1, pla.ctl.staEqu[2, 3] > 0   and pla.ctl.staEqu[2, 3] < 1, pla.ctl.staEqu[3, 3] > 0 and pla.ctl.staEqu[3, 3]   < 1})})+Modelica.Math.BooleanVectors.countTrue({Modelica.Math.BooleanVectors.anyTrue  ({pla.ctl.staEqu[1, 1] > 0 and pla.ctl.staEqu[1, 1] < 1, pla.ctl.staEqu[2, 1]   > 0 and pla.ctl.staEqu[2, 1] < 1, pla.ctl.staEqu[3, 1] > 0 and   pla.ctl.staEqu[3, 1] < 1}), Modelica.Math.BooleanVectors.anyTrue({  pla.ctl.staEqu[1, 2] > 0 and pla.ctl.staEqu[1, 2] < 1, pla.ctl.staEqu[2, 2] > 0   and pla.ctl.staEqu[2, 2] < 1, pla.ctl.staEqu[3, 2] > 0 and pla.ctl.staEqu[3, 2]   < 1}), Modelica.Math.BooleanVectors.anyTrue({pla.ctl.staEqu[1, 3] > 0 and   pla.ctl.staEqu[1, 3] < 1, pla.ctl.staEqu[2, 3] > 0 and pla.ctl.staEqu[2, 3] < 1,   pla.ctl.staEqu[3, 3] > 0 and pla.ctl.staEqu[3, 3] < 1})})+pla.ctl.ctl.staPumChiWatPri.y1Ded_actual.nin  +pla.ctl.ctl.staPumHeaWatPri.y1Ded_actual.nin+size(ratLoa.table, 2)-1
scalar equations.
Using the given settings of the parameters, the difference could be reduced to
  -12
Error: ERRORS have been issued.
Declaring variable: Boolean ok ;
if not ok then
  Modelica.Utilities.Streams.print("Model check failed.");
end if;
Model check failed.
savelog("C:/git_repos/prompt2control/logs/dymola_model_check.log");