RunScript("c:/program files/dymola 2025x/insert/dymola.mos", true);
 = true
Successfully loaded settings file C:/Users/deva713/AppData/Roaming/DassaultSystemes/Dymola/2025x/setup.dymx
RunScript("$DYMOLA/insert/displayunit.mos", true);
 = true
RunScript("model_check.mos");
Advanced.TranslationInCommandLog:=true;
openModel("C:/Program Files/Dymola 2025x/Modelica/Library/Modelica 4.1.0/package.mo");
 = true
openModel("C:/git_repos/buildings_library/modelica-buildings/Buildings/package.mo");
 = false
ok := checkModel("Buildings.Templates.Plants.HeatPumps.Validation.AirToWaterCoolingOnly");
Pedantic check of Buildings.Templates.Plants.HeatPumps.Validation.AirToWaterCoolingOnly
Did not find model Buildings.Templates.Plants.HeatPumps.Validation.AirToWaterCoolingOnly
Error: ERRORS have been issued.
Declaring variable: Boolean ok ;
if not ok then
  Modelica.Utilities.Streams.print("Model check failed.");
end if;
Model check failed.
savelog("C:/git_repos/prompt2control/logs/12_cooling_only_run/dymola_model_check.log");